// Jest Snapshot v1, https://goo.gl/fbAQLP

exports[`matches snapshot 1`] = `
<main>
  <div
    className="sc-bdnxRM kuuLXf"
  >
    <nav
      className="navbar navbar-expand-lg navbar-dark bg-dark"
    >
      <a
        className="navbar-brand"
        href="#home"
      >
        <img
          alt="logo"
          src="test-file-stub"
          width="35px"
        />
         Â  Are-We-There-Yet
      </a>
      <button
        aria-controls="responsive-navbar-nav"
        aria-label="Toggle navigation"
        className="navbar-toggler collapsed"
        onClick={[Function]}
        type="button"
      >
        <span
          className="navbar-toggler-icon"
        />
      </button>
      <div
        aria-expanded={null}
        className="navbar-collapse collapse"
        id="responsive-navbar-nav"
      >
        <div
          className="mr-auto navbar-nav"
          onKeyDown={[Function]}
        />
        <div
          className="navbar-nav"
          onKeyDown={[Function]}
        >
          <a
            className="nav-link"
            data-rb-event-key="#gettingStarted"
            href="#gettingStarted"
            onClick={[Function]}
            onKeyDown={[Function]}
          >
            Geeting Started
          </a>
          <a
            className="nav-link"
            data-rb-event-key="#coverage"
            href="#coverage"
            onClick={[Function]}
            onKeyDown={[Function]}
          >
             Explore by Coverage 
          </a>
          <a
            className="nav-link"
            data-rb-event-key="#encodings"
            href="#encodings"
            onClick={[Function]}
            onKeyDown={[Function]}
          >
             Explore by Encodings 
          </a>
          <a
            className="nav-link"
            data-rb-event-key="#dataTypes"
            href="#dataTypes"
            onClick={[Function]}
            onKeyDown={[Function]}
          >
             Explore by DataTypes 
          </a>
          <a
            className="nav-link"
            data-rb-event-key="#About Us"
            href="#About Us"
            onClick={[Function]}
            onKeyDown={[Function]}
          >
             About Us 
          </a>
        </div>
      </div>
    </nav>
  </div>
  <div
    className="sc-dIsUp fxsZec"
  >
    <div
      className="sc-gKAaRy emnTtK"
    >
      <div
        className="card"
      >
        <div
          className="card-header"
        >
          Filter
        </div>
        <div
          className="card-body"
        >
          <div
            className="sc-dlnjwi kITOfs"
          >
            <form
              className="search-form"
              onSubmit={[Function]}
            >
              <label
                className="form-label"
              >
                Query by Terms in Paper Title:
              </label>
              <i
                className="fas fa-search search-form-icon"
              />
              <input
                className="search-form-input form-control"
                placeholder=""
                type="text"
              />
              <button
                className="search-form-btn btn btn-primary"
                disabled={false}
                type="submit"
              >
                 
                Search
                 
              </button>
            </form>
          </div>
          <nav
            className="nav card-header-tabs nav-tabs"
            onKeyDown={[Function]}
            role="tablist"
          >
            <a
              aria-controls="uncontrolled-tab-example-tabpane-filter-1"
              aria-selected={true}
              className="nav-item nav-link active"
              data-rb-event-key="filter-1"
              href="#"
              id="uncontrolled-tab-example-tab-filter-1"
              onClick={[Function]}
              onKeyDown={[Function]}
              role="tab"
            >
              Filter-1
            </a>
            <a
              aria-controls="uncontrolled-tab-example-tabpane-filter-2"
              aria-selected={false}
              className="nav-item nav-link"
              data-rb-event-key="filter-2"
              href="#"
              id="uncontrolled-tab-example-tab-filter-2"
              onClick={[Function]}
              onKeyDown={[Function]}
              role="tab"
            >
              Filter-2
            </a>
          </nav>
          <div
            className="tab-content"
          >
            <div
              aria-hidden={false}
              aria-labelledby="uncontrolled-tab-example-tab-filter-1"
              className="fade tab-pane active show"
              id="uncontrolled-tab-example-tabpane-filter-1"
              role="tabpanel"
            >
              <div
                className="tab-content-container"
              >
                <div
                  className="card-body-input-wrapper"
                >
                  <p
                    className="card-body-input-label"
                  >
                    Tasks: 
                  </p>
                  <div>
                    <div
                      className=" theme_root__3tk"
                      onClick={[Function]}
                    >
                      <div
                        className="theme_content__HmG"
                      >
                        <div
                          className="theme_inputContainer__1zi"
                        >
                          <input
                            onBlur={[Function]}
                            onChange={[Function]}
                            onFocus={[Function]}
                            onKeyDown={[Function]}
                            onKeyUp={[Function]}
                            type="text"
                            value=""
                          />
                        </div>
                      </div>
                    </div>
                  </div>
                </div>
                <div
                  className="card-body-input-wrapper"
                >
                  <p
                    className="card-body-input-label"
                  >
                     Paper Types: 
                  </p>
                  <div
                    className=""
                  >
                    <div
                      className="form-check form-check-inline"
                    >
                      <input
                        className="form-check-input"
                        disabled={false}
                        id="inline-checkbox-experiment"
                        onChange={[Function]}
                        type="checkbox"
                      />
                      <label
                        className="form-check-label"
                        htmlFor="inline-checkbox-experiment"
                        title=""
                      >
                        experiment
                      </label>
                    </div>
                    <div
                      className="form-check form-check-inline"
                    >
                      <input
                        className="form-check-input"
                        disabled={false}
                        id="inline-checkbox-theory"
                        onChange={[Function]}
                        type="checkbox"
                      />
                      <label
                        className="form-check-label"
                        htmlFor="inline-checkbox-theory"
                        title=""
                      >
                        theory
                      </label>
                    </div>
                    <div
                      className="form-check form-check-inline"
                    >
                      <input
                        className="form-check-input"
                        disabled={false}
                        id="inline-checkbox-hybrid"
                        onChange={[Function]}
                        type="checkbox"
                      />
                      <label
                        className="form-check-label"
                        htmlFor="inline-checkbox-hybrid"
                        title=""
                      >
                        hybrid
                      </label>
                    </div>
                  </div>
                </div>
              </div>
            </div>
            <div
              aria-hidden={true}
              aria-labelledby="uncontrolled-tab-example-tab-filter-2"
              className="fade tab-pane"
              id="uncontrolled-tab-example-tabpane-filter-2"
              role="tabpanel"
            >
              <div
                className="tab-content-container"
              >
                <div
                  className="sc-eCApnc bImQzq"
                  data-testid="coverage-selection"
                >
                  
                  <div
                    className="coverage-selection-select-matrix"
                  >
                    <p
                      className="coverage-selection-lable"
                    >
                      Add an Encodings Design:
                    </p>
                    <div
                      className="coverage-selection-matrix-row"
                    >
                      <p
                        className="coverage-selection-top-lable"
                      >
                        1st Encoding
                      </p>
                      <div
                        className="sc-jSFjdj eJikNw"
                      >
                        <div
                          className="matrix-1d"
                        >
                          <div
                            className="grid-titles"
                          >
                            PX
                          </div>
                          <div
                            className="grid-titles"
                          >
                            PY
                          </div>
                          <div
                            className="grid-titles"
                          >
                            L
                          </div>
                          <div
                            className="grid-titles"
                          >
                            AN
                          </div>
                          <div
                            className="grid-titles"
                          >
                            AR
                          </div>
                          <div
                            className="grid-titles"
                          >
                            T
                          </div>
                          <div
                            className="grid-titles"
                          >
                            V
                          </div>
                          <div
                            className="grid-titles"
                          >
                            D
                          </div>
                          <div
                            className="grid-titles"
                          >
                            S
                          </div>
                          <div
                            className="grid-titles"
                          >
                            CS
                          </div>
                          <div
                            className="grid-titles"
                          >
                            CH
                          </div>
                          <div
                            className="grid-titles"
                          >
                            O
                          </div>
                          <div
                            className="sc-hKFxyN fjqvzj"
                            data-testid="PX"
                            id="PX-1"
                          >
                            <div
                              className="grid-values coverage-none-deactive"
                              onClick={[Function]}
                            >
                              <p>
                                X
                              </p>
                            </div>
                          </div>
                          <div
                            className="sc-hKFxyN fjqvzj"
                            data-testid="PY"
                            id="PY-1"
                          >
                            <div
                              className="grid-values coverage-none-deactive"
                              onClick={[Function]}
                            >
                              <p>
                                X
                              </p>
                            </div>
                          </div>
                          <div
                            className="sc-hKFxyN fjqvzj"
                            data-testid="L"
                            id="L-1"
                          >
                            <div
                              className="grid-values coverage-none-deactive"
                              onClick={[Function]}
                            >
                              <p>
                                X
                              </p>
                            </div>
                          </div>
                          <div
                            className="sc-hKFxyN fjqvzj"
                            data-testid="AN"
                            id="AN-1"
                          >
                            <div
                              className="grid-values coverage-none-deactive"
                              onClick={[Function]}
                            >
                              <p>
                                X
                              </p>
                            </div>
                          </div>
                          <div
                            className="sc-hKFxyN fjqvzj"
                            data-testid="AR"
                            id="AR-1"
                          >
                            <div
                              className="grid-values coverage-none-deactive"
                              onClick={[Function]}
                            >
                              <p>
                                X
                              </p>
                            </div>
                          </div>
                          <div
                            className="sc-hKFxyN fjqvzj"
                            data-testid="T"
                            id="T-1"
                          >
                            <div
                              className="grid-values coverage-none-deactive"
                              onClick={[Function]}
                            >
                              <p>
                                X
                              </p>
                            </div>
                          </div>
                          <div
                            className="sc-hKFxyN fjqvzj"
                            data-testid="V"
                            id="V-1"
                          >
                            <div
                              className="grid-values coverage-none-deactive"
                              onClick={[Function]}
                            >
                              <p>
                                X
                              </p>
                            </div>
                          </div>
                          <div
                            className="sc-hKFxyN fjqvzj"
                            data-testid="D"
                            id="D-1"
                          >
                            <div
                              className="grid-values coverage-none-deactive"
                              onClick={[Function]}
                            >
                              <p>
                                X
                              </p>
                            </div>
                          </div>
                          <div
                            className="sc-hKFxyN fjqvzj"
                            data-testid="S"
                            id="S-1"
                          >
                            <div
                              className="grid-values coverage-none-deactive"
                              onClick={[Function]}
                            >
                              <p>
                                X
                              </p>
                            </div>
                          </div>
                          <div
                            className="sc-hKFxyN fjqvzj"
                            data-testid="CS"
                            id="CS-1"
                          >
                            <div
                              className="grid-values coverage-none-deactive"
                              onClick={[Function]}
                            >
                              <p>
                                X
                              </p>
                            </div>
                          </div>
                          <div
                            className="sc-hKFxyN fjqvzj"
                            data-testid="CH"
                            id="CH-1"
                          >
                            <div
                              className="grid-values coverage-none-deactive"
                              onClick={[Function]}
                            >
                              <p>
                                X
                              </p>
                            </div>
                          </div>
                          <div
                            className="sc-hKFxyN fjqvzj"
                            data-testid="O"
                            id="O-1"
                          >
                            <div
                              className="grid-values coverage-none-deactive"
                              onClick={[Function]}
                            >
                              <p>
                                X
                              </p>
                            </div>
                          </div>
                        </div>
                      </div>
                    </div>
                    <div
                      className="coverage-selection-matrix-row"
                    >
                      <p
                        className="coverage-selection-lable"
                      >
                        2nd Encoding
                      </p>
                      <div
                        className="sc-jSFjdj eJikNw"
                      >
                        <div
                          className="matrix-1d"
                        >
                          <div
                            className="sc-hKFxyN fjqvzj"
                            data-testid="PX"
                            id="PX-2"
                          >
                            <div
                              className="grid-values coverage-none-deactive"
                              onClick={[Function]}
                            >
                              <p>
                                X
                              </p>
                            </div>
                          </div>
                          <div
                            className="sc-hKFxyN fjqvzj"
                            data-testid="PY"
                            id="PY-2"
                          >
                            <div
                              className="grid-values coverage-none-deactive"
                              onClick={[Function]}
                            >
                              <p>
                                X
                              </p>
                            </div>
                          </div>
                          <div
                            className="sc-hKFxyN fjqvzj"
                            data-testid="L"
                            id="L-2"
                          >
                            <div
                              className="grid-values coverage-none-deactive"
                              onClick={[Function]}
                            >
                              <p>
                                X
                              </p>
                            </div>
                          </div>
                          <div
                            className="sc-hKFxyN fjqvzj"
                            data-testid="AN"
                            id="AN-2"
                          >
                            <div
                              className="grid-values coverage-none-deactive"
                              onClick={[Function]}
                            >
                              <p>
                                X
                              </p>
                            </div>
                          </div>
                          <div
                            className="sc-hKFxyN fjqvzj"
                            data-testid="AR"
                            id="AR-2"
                          >
                            <div
                              className="grid-values coverage-none-deactive"
                              onClick={[Function]}
                            >
                              <p>
                                X
                              </p>
                            </div>
                          </div>
                          <div
                            className="sc-hKFxyN fjqvzj"
                            data-testid="T"
                            id="T-2"
                          >
                            <div
                              className="grid-values coverage-none-deactive"
                              onClick={[Function]}
                            >
                              <p>
                                X
                              </p>
                            </div>
                          </div>
                          <div
                            className="sc-hKFxyN fjqvzj"
                            data-testid="V"
                            id="V-2"
                          >
                            <div
                              className="grid-values coverage-none-deactive"
                              onClick={[Function]}
                            >
                              <p>
                                X
                              </p>
                            </div>
                          </div>
                          <div
                            className="sc-hKFxyN fjqvzj"
                            data-testid="D"
                            id="D-2"
                          >
                            <div
                              className="grid-values coverage-none-deactive"
                              onClick={[Function]}
                            >
                              <p>
                                X
                              </p>
                            </div>
                          </div>
                          <div
                            className="sc-hKFxyN fjqvzj"
                            data-testid="S"
                            id="S-2"
                          >
                            <div
                              className="grid-values coverage-none-deactive"
                              onClick={[Function]}
                            >
                              <p>
                                X
                              </p>
                            </div>
                          </div>
                          <div
                            className="sc-hKFxyN fjqvzj"
                            data-testid="CS"
                            id="CS-2"
                          >
                            <div
                              className="grid-values coverage-none-deactive"
                              onClick={[Function]}
                            >
                              <p>
                                X
                              </p>
                            </div>
                          </div>
                          <div
                            className="sc-hKFxyN fjqvzj"
                            data-testid="CH"
                            id="CH-2"
                          >
                            <div
                              className="grid-values coverage-none-deactive"
                              onClick={[Function]}
                            >
                              <p>
                                X
                              </p>
                            </div>
                          </div>
                          <div
                            className="sc-hKFxyN fjqvzj"
                            data-testid="O"
                            id="O-2"
                          >
                            <div
                              className="grid-values coverage-none-deactive"
                              onClick={[Function]}
                            >
                              <p>
                                X
                              </p>
                            </div>
                          </div>
                        </div>
                      </div>
                    </div>
                    <div
                      className="coverage-selection-matrix-row"
                    >
                      <p
                        className="coverage-selection-lable"
                      >
                        3rd Encoding
                      </p>
                      <div
                        className="sc-jSFjdj eJikNw"
                      >
                        <div
                          className="matrix-1d"
                        >
                          <div
                            className="sc-hKFxyN fjqvzj"
                            data-testid="PX"
                            id="PX-3"
                          >
                            <div
                              className="grid-values coverage-none-deactive"
                              onClick={[Function]}
                            >
                              <p>
                                X
                              </p>
                            </div>
                          </div>
                          <div
                            className="sc-hKFxyN fjqvzj"
                            data-testid="PY"
                            id="PY-3"
                          >
                            <div
                              className="grid-values coverage-none-deactive"
                              onClick={[Function]}
                            >
                              <p>
                                X
                              </p>
                            </div>
                          </div>
                          <div
                            className="sc-hKFxyN fjqvzj"
                            data-testid="L"
                            id="L-3"
                          >
                            <div
                              className="grid-values coverage-none-deactive"
                              onClick={[Function]}
                            >
                              <p>
                                X
                              </p>
                            </div>
                          </div>
                          <div
                            className="sc-hKFxyN fjqvzj"
                            data-testid="AN"
                            id="AN-3"
                          >
                            <div
                              className="grid-values coverage-none-deactive"
                              onClick={[Function]}
                            >
                              <p>
                                X
                              </p>
                            </div>
                          </div>
                          <div
                            className="sc-hKFxyN fjqvzj"
                            data-testid="AR"
                            id="AR-3"
                          >
                            <div
                              className="grid-values coverage-none-deactive"
                              onClick={[Function]}
                            >
                              <p>
                                X
                              </p>
                            </div>
                          </div>
                          <div
                            className="sc-hKFxyN fjqvzj"
                            data-testid="T"
                            id="T-3"
                          >
                            <div
                              className="grid-values coverage-none-deactive"
                              onClick={[Function]}
                            >
                              <p>
                                X
                              </p>
                            </div>
                          </div>
                          <div
                            className="sc-hKFxyN fjqvzj"
                            data-testid="V"
                            id="V-3"
                          >
                            <div
                              className="grid-values coverage-none-deactive"
                              onClick={[Function]}
                            >
                              <p>
                                X
                              </p>
                            </div>
                          </div>
                          <div
                            className="sc-hKFxyN fjqvzj"
                            data-testid="D"
                            id="D-3"
                          >
                            <div
                              className="grid-values coverage-none-deactive"
                              onClick={[Function]}
                            >
                              <p>
                                X
                              </p>
                            </div>
                          </div>
                          <div
                            className="sc-hKFxyN fjqvzj"
                            data-testid="S"
                            id="S-3"
                          >
                            <div
                              className="grid-values coverage-none-deactive"
                              onClick={[Function]}
                            >
                              <p>
                                X
                              </p>
                            </div>
                          </div>
                          <div
                            className="sc-hKFxyN fjqvzj"
                            data-testid="CS"
                            id="CS-3"
                          >
                            <div
                              className="grid-values coverage-none-deactive"
                              onClick={[Function]}
                            >
                              <p>
                                X
                              </p>
                            </div>
                          </div>
                          <div
                            className="sc-hKFxyN fjqvzj"
                            data-testid="CH"
                            id="CH-3"
                          >
                            <div
                              className="grid-values coverage-none-deactive"
                              onClick={[Function]}
                            >
                              <p>
                                X
                              </p>
                            </div>
                          </div>
                          <div
                            className="sc-hKFxyN fjqvzj"
                            data-testid="O"
                            id="O-3"
                          >
                            <div
                              className="grid-values coverage-none-deactive"
                              onClick={[Function]}
                            >
                              <p>
                                X
                              </p>
                            </div>
                          </div>
                        </div>
                      </div>
                    </div>
                    <button
                      className="btn btn-outline-primary btn-block"
                      disabled={false}
                      onClick={[Function]}
                      type="button"
                    >
                      Add
                    </button>
                  </div>
                </div>
              </div>
            </div>
          </div>
        </div>
      </div>
    </div>
    <div
      className="container-flex"
    >
      <div
        className="sc-crzoAE idrxwB"
      >
        <div
          className="card"
        >
          <div
            className="card-header"
          >
            Encoding Coverages
            <div
              className="progress"
            >
              <div
                aria-valuemax={100}
                aria-valuemin={0}
                aria-valuenow={0}
                className="progress-bar bg-info"
                role="progressbar"
                style={
                  Object {
                    "width": "0%",
                  }
                }
              />
            </div>
            <p>
              0 out of 1884 covered
            </p>
          </div>
          <div
            className="card-body"
          />
        </div>
      </div>
      <div
        className="sc-kEqXSa boBjQT"
      >
        <div
          className="card"
        >
          <div
            className="card-header"
          >
            Papers
          </div>
          <div
            className="card-body"
          >
            <p
              className="paper-notification"
            >
               No paper selected 
            </p>
          </div>
        </div>
      </div>
    </div>
  </div>
  <div
    className="sc-gtsrHT YOa-Dz"
  >
    Footer placeholder
  </div>
</main>
`;
